<?xml version="1.0" encoding="UTF-8"?>
<TestRun id="01257e2b-be02-49ee-b9d8-92a97f436b7a" name="tkaufman@TKAUFMAN-VISTA 2008-06-16 17:28:01" runUser="QSI\tkaufman" xmlns="http://microsoft.com/schemas/VisualStudio/TeamTest/2006">
  <TestRunConfiguration name="Local Test Run" id="3f4bd08e-3b46-4785-a55b-c02ff4bca6cb">
    <Description>This is a default test run configuration for a local test run.</Description>
    <Deployment runDeploymentRoot="C:\Users\tkaufman\Documents\Visual Studio 2008\Projects\AdoptingAOP\TestResults\tkaufman_TKAUFMAN-VISTA 2008-06-16 17_28_01">
      <DeploymentItem filename="C:\Program Files\CastleProject\Bin\net-2.0\Castle.Windsor.dll" />
      <DeploymentItem filename="C:\Program Files\CastleProject\Bin\net-2.0\Castle.MicroKernel.dll" />
      <DeploymentItem filename="C:\Program Files\CastleProject\Bin\net-2.0\Castle.DynamicProxy.dll" />
      <DeploymentItem filename="C:\Program Files\CastleProject\Bin\net-2.0\Castle.Core.dll" />
    </Deployment>
    <TestTypeSpecific />
  </TestRunConfiguration>
  <ResultSummary outcome="Completed">
    <Counters total="1" executed="1" passed="1" error="0" failed="0" timeout="0" aborted="0" inconclusive="0" passedButRunAborted="0" notRunnable="0" notExecuted="0" disconnected="0" warning="0" completed="0" inProgress="0" pending="0" />
  </ResultSummary>
  <Times creation="2008-06-16T17:28:01.9472648-04:00" queuing="2008-06-16T17:28:02.3388014-04:00" start="2008-06-16T17:28:02.4592742-04:00" finish="2008-06-16T17:28:03.1921504-04:00" />
  <TestDefinitions>
    <UnitTest name="TestFindByNumber" storage="c:\users\tkaufman\documents\visual studio 2008\projects\adoptingaop\adoptingaop\bin\debug\adoptingaop.dll" id="cebc6843-8f0d-5e76-d13a-359b67f49597">
      <Css projectStructure="" iteration="" />
      <Owners>
        <Owner name="" />
      </Owners>
      <Execution id="9cb1c2ab-c7c8-4523-9ff0-cc151b40ac61" />
      <TestMethod codeBase="C:\Users\tkaufman\Documents\Visual Studio 2008\Projects\AdoptingAOP\AdoptingAOP\bin\Debug\AdoptingAOP.dll" adapterTypeName="Microsoft.VisualStudio.TestTools.TestTypes.Unit.UnitTestAdapter, Microsoft.VisualStudio.QualityTools.Tips.UnitTest.Adapter, Version=9.0.0.0, Culture=neutral, PublicKeyToken=b03f5f7f11d50a3a" className="AdoptingAOP.AccountServiceTest, AdoptingAOP" name="TestFindByNumber" />
    </UnitTest>
  </TestDefinitions>
  <TestLists>
    <TestList name="Results Not in a List" id="8c84fa94-04c1-424b-9868-57a2d4851a1d" />
    <TestList name="All Loaded Results" id="19431567-8539-422a-85d7-44ee4e166bda" />
  </TestLists>
  <TestEntries>
    <TestEntry testId="cebc6843-8f0d-5e76-d13a-359b67f49597" executionId="9cb1c2ab-c7c8-4523-9ff0-cc151b40ac61" testListId="8c84fa94-04c1-424b-9868-57a2d4851a1d" />
  </TestEntries>
  <Results>
    <UnitTestResult executionId="9cb1c2ab-c7c8-4523-9ff0-cc151b40ac61" testId="cebc6843-8f0d-5e76-d13a-359b67f49597" testName="TestFindByNumber" computerName="TKAUFMAN-VISTA" duration="00:00:00.4519619" startTime="2008-06-16T17:28:02.4693136-04:00" endTime="2008-06-16T17:28:03.1017958-04:00" testType="13cdc9d9-ddb5-4fa4-a97d-d965ccfc6d4b" outcome="Passed" testListId="8c84fa94-04c1-424b-9868-57a2d4851a1d">
      <Output>
      </Output>
    </UnitTestResult>
  </Results>
</TestRun>