<?xml version="1.0" encoding="UTF-8"?>
<TestRun id="d2ed8b96-210f-41cd-be85-73b64fdc5ccc" name="tkaufman@TKAUFMAN-VISTA 2008-06-16 17:26:19" runUser="QSI\tkaufman" xmlns="http://microsoft.com/schemas/VisualStudio/TeamTest/2006">
  <TestRunConfiguration name="Local Test Run" id="3f4bd08e-3b46-4785-a55b-c02ff4bca6cb">
    <Description>This is a default test run configuration for a local test run.</Description>
    <Deployment runDeploymentRoot="C:\Users\tkaufman\Documents\Visual Studio 2008\Projects\AdoptingAOP\TestResults\tkaufman_TKAUFMAN-VISTA 2008-06-16 17_26_19">
      <DeploymentItem filename="C:\Program Files\CastleProject\Bin\net-2.0\Castle.Windsor.dll" />
      <DeploymentItem filename="C:\Program Files\CastleProject\Bin\net-2.0\Castle.MicroKernel.dll" />
      <DeploymentItem filename="C:\Program Files\CastleProject\Bin\net-2.0\Castle.DynamicProxy.dll" />
      <DeploymentItem filename="C:\Program Files\CastleProject\Bin\net-2.0\Castle.Core.dll" />
    </Deployment>
    <TestTypeSpecific />
  </TestRunConfiguration>
  <ResultSummary outcome="Failed">
    <Counters total="1" executed="1" error="0" failed="1" timeout="0" aborted="0" inconclusive="0" passedButRunAborted="0" notRunnable="0" notExecuted="0" disconnected="0" warning="0" passed="0" completed="0" inProgress="0" pending="0" />
  </ResultSummary>
  <Times creation="2008-06-16T17:26:19.8274362-04:00" queuing="2008-06-16T17:26:23.9636690-04:00" start="2008-06-16T17:26:24.3853238-04:00" finish="2008-06-16T17:26:25.4093426-04:00" />
  <TestDefinitions>
    <UnitTest name="TestFindByNumber" storage="c:\users\tkaufman\documents\visual studio 2008\projects\adoptingaop\adoptingaop\bin\debug\adoptingaop.dll" id="cebc6843-8f0d-5e76-d13a-359b67f49597">
      <Css projectStructure="" iteration="" />
      <Owners>
        <Owner name="" />
      </Owners>
      <Execution id="fd11923b-39d7-45b5-bda1-50cd843c991f" />
      <TestMethod codeBase="C:\Users\tkaufman\Documents\Visual Studio 2008\Projects\AdoptingAOP\AdoptingAOP\bin\Debug\AdoptingAOP.dll" adapterTypeName="Microsoft.VisualStudio.TestTools.TestTypes.Unit.UnitTestAdapter, Microsoft.VisualStudio.QualityTools.Tips.UnitTest.Adapter, Version=9.0.0.0, Culture=neutral, PublicKeyToken=b03f5f7f11d50a3a" className="AdoptingAOP.AccountServiceTest, AdoptingAOP" name="TestFindByNumber" />
    </UnitTest>
  </TestDefinitions>
  <TestLists>
    <TestList name="Results Not in a List" id="8c84fa94-04c1-424b-9868-57a2d4851a1d" />
    <TestList name="All Loaded Results" id="19431567-8539-422a-85d7-44ee4e166bda" />
  </TestLists>
  <TestEntries>
    <TestEntry testId="cebc6843-8f0d-5e76-d13a-359b67f49597" executionId="fd11923b-39d7-45b5-bda1-50cd843c991f" testListId="8c84fa94-04c1-424b-9868-57a2d4851a1d" />
  </TestEntries>
  <Results>
    <UnitTestResult executionId="fd11923b-39d7-45b5-bda1-50cd843c991f" testId="cebc6843-8f0d-5e76-d13a-359b67f49597" testName="TestFindByNumber" computerName="TKAUFMAN-VISTA" duration="00:00:00.4240991" startTime="2008-06-16T17:26:24.4857178-04:00" endTime="2008-06-16T17:26:25.2687910-04:00" testType="13cdc9d9-ddb5-4fa4-a97d-d965ccfc6d4b" outcome="Failed" testListId="8c84fa94-04c1-424b-9868-57a2d4851a1d">
      <Output>
        <ErrorInfo>
          <Message>Test method AdoptingAOP.AccountServiceTest.TestFindByNumber threw exception:  System.NotImplementedException: The method or operation is not implemented..</Message>
          <StackTrace>    at AdoptingAOP.AccountService.FindByNumber(String number) in C:\Users\tkaufman\Documents\Visual Studio 2008\Projects\AdoptingAOP\AdoptingAOP\AccountService.cs:line 14
   at AdoptingAOP.AccountServiceTest.TestFindByNumber() in C:\Users\tkaufman\Documents\Visual Studio 2008\Projects\AdoptingAOP\AdoptingAOP\AccountServiceTest.cs:line 67
</StackTrace>
        </ErrorInfo>
      </Output>
    </UnitTestResult>
  </Results>
</TestRun>